// Jest Snapshot v1, https://goo.gl/fbAQLP

exports[`Jobly routes renders the home snapshot 1`] = `
<DocumentFragment>
  <div>
    <div>
      <nav
        class="Navigation navbar navbar-expand-lg navbar-light bg-light"
      >
        <a
          aria-current="page"
          class="navbar-brand active"
          href="/"
        >
          Jobly
        </a>
        <ul
          class="navbar-nav ml-auto"
        >
          <li
            class="Navigation nav-item"
          >
            <a
              href="/login"
            >
              Login
            </a>
          </li>
        </ul>
      </nav>
    </div>
    <div
      class="Home"
    >
      <h1>
        Jobly
      </h1>
      <p>
        All the jobs in one convenient place.
      </p>
      <a
        href="/login"
      >
        <button
          class="btn btn-primary home-login-button"
        >
          Log in
        </button>
      </a>
    </div>
  </div>
</DocumentFragment>
`;
